// Jest Snapshot v1, https://goo.gl/fbAQLP

exports[`should render correctly 1`] = `
<BubblePopup
  customClass="bubble-popup-right"
  position={
    Object {
      "left": -135,
      "top": 16,
      "width": 160,
    }
  }
>
  <div
    className="overview-analysis-graph-tooltip"
  >
    <div
      className="overview-analysis-graph-tooltip-title"
    >
      <DateFormatter
        date={2011-10-25T10:27:41.000Z}
        long={true}
      />
    </div>
    <table
      className="width-100"
    >
      <tbody>
        <PreviewGraphTooltipsContent
          key="code_smells"
          style="0"
          translatedName="Code Smells"
          value="Formated.15"
        />
        <PreviewGraphTooltipsContent
          key="bugs"
          style="1"
          translatedName="Bugs"
          value="Formated.0"
        />
        <PreviewGraphTooltipsContent
          key="vulnerabilities"
          style="2"
          translatedName="Vulnerabilities"
          value="Formated.1"
        />
      </tbody>
    </table>
  </div>
</BubblePopup>
`;
