// Jest Snapshot v1, https://goo.gl/fbAQLP

exports[`should render correctly 1`] = `
<div
  className="page-footer page-container"
  id="footer"
>
  <div>
    Â© 2008-2018, SonarCloud by
     
    <a
      href="http://www.sonarsource.com"
      title="SonarSource SA"
    >
      SonarSource SA
    </a>
    . All rights reserved.
  </div>
  <ul
    className="page-footer-menu"
  >
    <li
      className="page-footer-menu-item"
    >
      <a
        href="https://about.sonarcloud.io/news/"
      >
        footer.news
      </a>
    </li>
    <li
      className="page-footer-menu-item"
    >
      <a
        href="https://about.sonarcloud.io/terms.pdf"
      >
        footer.terms
      </a>
    </li>
    <li
      className="page-footer-menu-item"
    >
      <a
        href="https://twitter.com/sonarcloud"
      >
        footer.twitter
      </a>
    </li>
    <li
      className="page-footer-menu-item"
    >
      <a
        href="https://about.sonarcloud.io/get-started/"
      >
        footer.get_started
      </a>
    </li>
    <li
      className="page-footer-menu-item"
    >
      <a
        href="https://about.sonarcloud.io/contact/"
      >
        footer.help
      </a>
    </li>
    <li
      className="page-footer-menu-item"
    >
      <a
        href="https://about.sonarcloud.io/"
      >
        footer.about
      </a>
    </li>
  </ul>
</div>
`;
