// Jest Snapshot v1, https://goo.gl/fbAQLP

exports[`should render correctly 1`] = `
<div
  className="layout-page"
  id="component-measures"
>
  <HelmetWrapper
    defer={true}
    encodeSpecialCharacters={true}
    title="layout.measures"
  />
  <ScreenPositionHelper
    className="layout-page-side-outer"
  />
  <MeasureContentContainer
    className="layout-page-main"
    fetchMeasures={[Function]}
    leakPeriod={null}
    metric={
      Object {
        "domain": "Coverage",
        "key": "coverage",
        "name": "Coverage",
        "type": "PERCENT",
      }
    }
    metrics={
      Object {
        "coverage": Object {
          "domain": "Coverage",
          "key": "coverage",
          "name": "Coverage",
          "type": "PERCENT",
        },
        "duplicated_lines_density": Object {
          "domain": "Duplications",
          "key": "duplicated_lines_density",
          "name": "Duplicated Lines (%)",
          "type": "PERCENT",
        },
        "lines_to_cover": Object {
          "domain": "Coverage",
          "key": "lines_to_cover",
          "name": "Lines to Cover",
          "type": "INT",
        },
        "new_bugs": Object {
          "domain": "Reliability",
          "key": "new_bugs",
          "name": "New Bugs",
          "type": "INT",
        },
      }
    }
    rootComponent={
      Object {
        "key": "foo",
      }
    }
    router={
      Object {
        "push": [Function],
      }
    }
    selected=""
    updateQuery={[Function]}
    view="list"
  />
</div>
`;
