// Jest Snapshot v1, https://goo.gl/fbAQLP

exports[`should display a manual installation notification 1`] = `
<NavBarNotif
  className="alert alert-danger"
>
  marketplace.status_x.MANUAL_IN_PROGRESS.Foo
  <a
    className="spacer-left"
    href="https://redirect.sonarsource.com/doc/how-to-install-an-edition.html"
    target="_blank"
  >
    marketplace.how_to_install
  </a>
  <a
    className="button spacer-left"
    download="sonarqube-Foo.zip"
    href="download_url"
    target="_blank"
  >
    marketplace.download_package
  </a>
</NavBarNotif>
`;

exports[`should display a ready notification 1`] = `
<NavBarNotif
  className="alert alert-success"
>
  <span>
    marketplace.status.AUTOMATIC_READY
  </span>
  <button
    className="js-restart spacer-left"
    onClick={[Function]}
  >
    marketplace.restart
  </button>
</NavBarNotif>
`;

exports[`should display an in progress notif 1`] = `
<NavBarNotif
  className="alert alert-info"
>
  <i
    className="spinner spacer-right text-bottom"
  />
  <span>
    marketplace.status.AUTOMATIC_IN_PROGRESS
  </span>
</NavBarNotif>
`;

exports[`should display install errors 1`] = `
<NavBarNotif
  className="alert alert-danger"
  onCancel={[Function]}
>
  Foo error
</NavBarNotif>
`;
