// Jest Snapshot v1, https://goo.gl/fbAQLP

exports[`renders 1`] = `
<SimpleBubbleChart
  colorMetric="reliability_rating"
  displayOrganizations={false}
  projects={Array []}
  sizeMetric={
    Object {
      "key": "bugs",
      "type": "SHORT_INT",
    }
  }
  xMetric={
    Object {
      "key": "ncloc",
      "type": "SHORT_INT",
    }
  }
  yMetric={
    Object {
      "key": "reliability_remediation_effort",
      "type": "SHORT_WORK_DUR",
    }
  }
/>
`;
