// Jest Snapshot v1, https://goo.gl/fbAQLP

exports[`renders correctly 1`] = `
<div>
  <MSBuildScanner />
  <BuildWrapper
    className="huge-spacer-top"
    os="win"
  />
  <h4
    className="huge-spacer-top spacer-bottom"
  >
    onboarding.analysis.msbuild.execute
  </h4>
  <p
    className="spacer-bottom markdown"
    dangerouslySetInnerHTML={
      Object {
        "__html": "onboarding.analysis.msbuild.execute.text",
      }
    }
  />
  <Command
    command={
      Array [
        "SonarQube.Scanner.MSBuild.exe begin",
        "/k:\\"projectKey\\"",
        undefined,
        "/d:sonar.cfamily.build-wrapper-output=bw-output",
        "/d:sonar.host.url=\\"host\\"",
        "/d:sonar.login=\\"token\\"",
      ]
    }
    isWindows={true}
  />
  <Command
    command="build-wrapper-win-x86-64.exe --out-dir bw-output MsBuild.exe /t:Rebuild"
    isWindows={true}
  />
  <Command
    command={
      Array [
        "SonarQube.Scanner.MSBuild.exe end",
        "/d:sonar.login=\\"token\\"",
      ]
    }
    isWindows={true}
  />
  <p
    className="big-spacer-top markdown"
    dangerouslySetInnerHTML={
      Object {
        "__html": "onboarding.analysis.msbuild.docs",
      }
    }
  />
</div>
`;

exports[`renders correctly 2`] = `
<div>
  <MSBuildScanner />
  <BuildWrapper
    className="huge-spacer-top"
    os="win"
  />
  <h4
    className="huge-spacer-top spacer-bottom"
  >
    onboarding.analysis.msbuild.execute
  </h4>
  <p
    className="spacer-bottom markdown"
    dangerouslySetInnerHTML={
      Object {
        "__html": "onboarding.analysis.msbuild.execute.text",
      }
    }
  />
  <Command
    command={
      Array [
        "SonarQube.Scanner.MSBuild.exe begin",
        "/k:\\"projectKey\\"",
        "/d:sonar.organization=\\"organization\\"",
        "/d:sonar.cfamily.build-wrapper-output=bw-output",
        "/d:sonar.host.url=\\"host\\"",
        "/d:sonar.login=\\"token\\"",
      ]
    }
    isWindows={true}
  />
  <Command
    command="build-wrapper-win-x86-64.exe --out-dir bw-output MsBuild.exe /t:Rebuild"
    isWindows={true}
  />
  <Command
    command={
      Array [
        "SonarQube.Scanner.MSBuild.exe end",
        "/d:sonar.login=\\"token\\"",
      ]
    }
    isWindows={true}
  />
  <p
    className="big-spacer-top markdown"
    dangerouslySetInnerHTML={
      Object {
        "__html": "onboarding.analysis.msbuild.docs",
      }
    }
  />
</div>
`;
