// Jest Snapshot v1, https://goo.gl/fbAQLP

exports[`renders 1`] = `
<a
  className="link-no-underline"
  href="#"
  onClick={[Function]}
>
  <FavoriteIcon
    favorite={true}
  />
</a>
`;
