// Jest Snapshot v1, https://goo.gl/fbAQLP

exports[`renders 1`] = `
<div
  className="portfolio-freshness"
>
  <FormattedMessage
    defaultMessage="portfolio.was_x_y"
    id="portfolio.was_x_y"
    values={
      Object {
        "date": <DateFromNow
          date="2017-01-02T00:00:00.000Z"
        />,
        "rating": <Rating
          small={true}
          value={2}
        />,
      }
    }
  />
</div>
`;

exports[`renders empty 1`] = `
<div
  className="portfolio-freshness"
>
  Â 
</div>
`;
