// Jest Snapshot v1, https://goo.gl/fbAQLP

exports[`should render object correctly 1`] = `
Array [
  <ObjectItem
    value={
      Object {
        "bar": Object {
          "a": 1,
          "b": "b",
        },
        "baz": true,
        "foo": "Far",
      }
    }
  >
    <table
      className="data"
    >
      <tbody>
        <tr
          key="foo"
        >
          <td
            className="thin nowrap"
          >
            foo
          </td>
          <td>
            <SysInfoItem
              name="foo"
              value="Far"
            >
              <code>
                Far
              </code>
            </SysInfoItem>
          </td>
        </tr>
        <tr
          key="bar"
        >
          <td
            className="thin nowrap"
          >
            bar
          </td>
          <td>
            <SysInfoItem
              name="bar"
              value={
                Object {
                  "a": 1,
                  "b": "b",
                }
              }
            >
              <ObjectItem
                value={
                  Object {
                    "a": 1,
                    "b": "b",
                  }
                }
              >
                <table
                  className="data"
                >
                  <tbody>
                    <tr
                      key="a"
                    >
                      <td
                        className="thin nowrap"
                      >
                        a
                      </td>
                      <td>
                        <SysInfoItem
                          name="a"
                          value={1}
                        >
                          <code>
                            1
                          </code>
                        </SysInfoItem>
                      </td>
                    </tr>
                    <tr
                      key="b"
                    >
                      <td
                        className="thin nowrap"
                      >
                        b
                      </td>
                      <td>
                        <SysInfoItem
                          name="b"
                          value="b"
                        >
                          <code>
                            b
                          </code>
                        </SysInfoItem>
                      </td>
                    </tr>
                  </tbody>
                </table>
              </ObjectItem>
            </SysInfoItem>
          </td>
        </tr>
        <tr
          key="baz"
        >
          <td
            className="thin nowrap"
          >
            baz
          </td>
          <td>
            <SysInfoItem
              name="baz"
              value={true}
            >
              <BooleanItem
                value={true}
              >
                <CheckIcon>
                  <svg
                    height={16}
                    version="1.1"
                    viewBox="0 0 16 16"
                    width={16}
                    xmlSpace="preserve"
                    xmlnsXlink="http://www.w3.org/1999/xlink"
                  >
                    <path
                      d="M14.92 4.804q0 0.357-0.25 0.607l-7.679 7.679q-0.25 0.25-0.607 0.25t-0.607-0.25l-4.446-4.446q-0.25-0.25-0.25-0.607t0.25-0.607l1.214-1.214q0.25-0.25 0.607-0.25t0.607 0.25l2.625 2.634 5.857-5.866q0.25-0.25 0.607-0.25t0.607 0.25l1.214 1.214q0.25 0.25 0.25 0.607z"
                      style={
                        Object {
                          "fill": "currentColor",
                        }
                      }
                    />
                    ;
                  </svg>
                </CheckIcon>
              </BooleanItem>
            </SysInfoItem>
          </td>
        </tr>
      </tbody>
    </table>
  </ObjectItem>,
  <ObjectItem
    value={
      Object {
        "a": 1,
        "b": "b",
      }
    }
  >
    <table
      className="data"
    >
      <tbody>
        <tr
          key="a"
        >
          <td
            className="thin nowrap"
          >
            a
          </td>
          <td>
            <SysInfoItem
              name="a"
              value={1}
            >
              <code>
                1
              </code>
            </SysInfoItem>
          </td>
        </tr>
        <tr
          key="b"
        >
          <td
            className="thin nowrap"
          >
            b
          </td>
          <td>
            <SysInfoItem
              name="b"
              value="b"
            >
              <code>
                b
              </code>
            </SysInfoItem>
          </td>
        </tr>
      </tbody>
    </table>
  </ObjectItem>,
]
`;
