// Jest Snapshot v1, https://goo.gl/fbAQLP

exports[`restores access 1`] = `
<ActionsDropdown
  onToggleClick={[Function]}
>
  <ActionsDropdownItem
    className="js-apply-template"
    onClick={[Function]}
  >
    projects_role.apply_template
  </ActionsDropdownItem>
</ActionsDropdown>
`;

exports[`restores access 2`] = `
<ActionsDropdown
  onToggleClick={[Function]}
>
  <ActionsDropdownItem
    className="js-restore-access"
    onClick={[Function]}
  >
    global_permissions.restore_access
  </ActionsDropdownItem>
  <ActionsDropdownItem
    className="js-apply-template"
    onClick={[Function]}
  >
    projects_role.apply_template
  </ActionsDropdownItem>
</ActionsDropdown>
`;

exports[`restores access 3`] = `
<ActionsDropdown
  onToggleClick={[Function]}
>
  <ActionsDropdownItem
    className="js-restore-access"
    onClick={[Function]}
  >
    global_permissions.restore_access
  </ActionsDropdownItem>
  <ActionsDropdownItem
    className="js-apply-template"
    onClick={[Function]}
  >
    projects_role.apply_template
  </ActionsDropdownItem>
  <RestoreAccessModal
    currentUser={
      Object {
        "login": "admin",
      }
    }
    onClose={[Function]}
    onRestoreAccess={[Function]}
    project={
      Object {
        "id": "",
        "key": "project",
        "name": "Project",
        "organization": "org",
        "qualifier": "TRK",
        "visibility": "private",
      }
    }
  />
</ActionsDropdown>
`;
